
> daily-flying-program@0.0.0 build
> prisma generate && vite build --outDir dfp-neo-platform/public/flight-school-app --emptyOutDir && cp dfp-neo-platform/public/flight-school-app/index.html dfp-neo-platform/public/flight-school-app/index-v2.html && node update_css.js

Environment variables loaded from .env
Prisma schema loaded from prisma/schema.prisma

✔ Generated Prisma Client (v6.19.2) to ./node_modules/@prisma/client in 264ms

Start by importing your Prisma Client (See: https://pris.ly/d/importing-client)

Tip: Want to turn off tips and other hints? https://pris.ly/tip-4-nohints

vite v7.3.1 building client environment for production...
transforming...
✓ 782 modules transformed.
rendering chunks...
computing gzip size...
dfp-neo-platform/public/flight-school-app/index.html                  7.93 kB │ gzip:   1.88 kB
dfp-neo-platform/public/flight-school-app/assets/index.css           12.96 kB │ gzip:   2.69 kB
dfp-neo-platform/public/flight-school-app/assets/purify.es.js        45.74 kB │ gzip:  11.22 kB │ map:    92.69 kB
dfp-neo-platform/public/flight-school-app/assets/index.es.js        360.28 kB │ gzip:  75.65 kB │ map:   640.55 kB
dfp-neo-platform/public/flight-school-app/assets/vendor-pdf.js      946.48 kB │ gzip: 212.17 kB │ map: 1,895.90 kB
dfp-neo-platform/public/flight-school-app/assets/vendor-react.js  1,037.92 kB │ gzip: 183.83 kB │ map: 1,661.92 kB
dfp-neo-platform/public/flight-school-app/assets/index.js         4,361.66 kB │ gzip: 567.42 kB │ map: 5,899.01 kB
✓ built in 9.45s
✅ Updated index.html successfully!
✅ Updated index-v2.html successfully!
✅ All CSS updates complete!
BUILD_SUCCESS
